// Jest Snapshot v1, https://goo.gl/fbAQLP

exports[`ReservationCard should match the snapshot 1`] = `
<section
  className="resCard"
>
  <h2>
    brady
  </h2>
  <p>
    Date: 
    10/22
  </p>
  <p>
    Time: 
    10:30
  </p>
  <p>
    Number of guests: 
    10
  </p>
  <button
    className="resButton"
    id={1}
  >
    Cancel
  </button>
</section>
`;
