// Jest Snapshot v1, https://goo.gl/fbAQLP

exports[`App should match the snapshot 1`] = `
<div
  className="App"
>
  <h1
    className="app-title"
  >
    Turing Cafe Reservations
  </h1>
  <div
    className="resy-form"
  >
    <ReservationForm
      addReservation={[Function]}
    />
  </div>
  <div
    className="resy-container"
  >
    <ReservationCard
      cancelReservation={[Function]}
      date="12/22"
      id={1}
      key="0"
      name="Brady"
      number={2}
      time="8:00"
    />
    <ReservationCard
      cancelReservation={[Function]}
      date="12/23"
      id={2}
      key="1"
      name="Randy"
      number={5}
      time="5:00"
    />
  </div>
</div>
`;
